WL-CORE-CAFE-EXIT-3P-TOP-3S: constructing
WL-CORE-DINING-ENTRY-4P-TOP-4S: constructing
WL-CORE-DINING-EXIT-3P-REV-4S: constructing
WL-CORE-DINING-EXIT-4P-TOP-3S: constructing
WL-CORE-DINING-EXIT-4P-TOP-3S: complete
WL-CORE-LIVING-EXIT-3P-TOP-4S: constructing
WL-CORE-DINING-ENTRY-4P-TOP-4S: complete
WL-CORE-LIVING-SWAP-3P-TOP-3S: constructing
WL-CORE-CAFE-EXIT-3P-TOP-3S: complete
WL-CORE-SEMINAR-ENTRY-4P-REV-3S: constructing
WL-CORE-DINING-EXIT-3P-REV-4S: complete
WL-CORE-SEMINAR-ENTRY-4P-TOP-3S: constructing
WL-CORE-LIVING-EXIT-3P-TOP-4S: complete
WL-CORE-SEMINAR-ENTRY-4P-TOP-3S: complete
WL-CORE-LIVING-SWAP-3P-TOP-3S: complete
WL-CORE-SEMINAR-ENTRY-4P-REV-3S: complete
{
  "version": "3.1",
  "cases": 112,
  "status": {
    "complete": 112
  },
  "manifest": "/Users/cgx/Desktop/projects_my/15. FilmBench/benchmark/outputs/v3.1/core_matrix.manifest.json",
  "release_ready": false,
  "note": "Design plan is not a generated or human-validated dataset."
}
