WL-CORE-CAFE-ENTRY-4P-REV-3S: constructingWL-CORE-CAFE-ENTRY-4P-TOP-3S: constructing

WL-CORE-CAFE-EXIT-3P-TOP-3S: constructing
WL-CORE-CAFE-EXIT-3P-REV-3S: constructing
WL-CORE-CAFE-EXIT-3P-TOP-3S: failed: VAPI 400: {"error":{"message":"Invalid JSON payload received. Unknown name \"additionalProperties\" at 'generation_config.response_schema.properties[0].***.***.properties[1].***.items.any_of[0]': Cannot find field.\nInvalid JSON payload received. Unknown name \"additionalProperties\" at 'generation_config.response_schema.properties[0].***.***.properties[1].***.items.any_of[1]': Cannot find field. (request id: 2026091018193552772027198571700)","type":"upstream_error","param":"","code":400}}
WL-CORE-CAFE-EXIT-4P-REV-4S: constructing
WL-CORE-CAFE-ENTRY-4P-REV-3S: complete
WL-CORE-CAFE-EXIT-4P-TOP-4S: constructing
WL-CORE-CAFE-EXIT-3P-REV-3S: complete
WL-CORE-CAFE-STATIC-3P-REV-3S: constructing
WL-CORE-CAFE-EXIT-4P-REV-4S: complete
WL-CORE-CAFE-STATIC-3P-TOP-3S: constructing
WL-CORE-CAFE-EXIT-4P-TOP-4S: complete
WL-CORE-CAFE-STATIC-4P-REV-4S: constructing
WL-CORE-CAFE-STATIC-3P-TOP-3S: complete
WL-CORE-CAFE-STATIC-4P-TOP-4S: constructing
WL-CORE-CAFE-STATIC-3P-REV-3S: complete
WL-CORE-CAFE-SWAP-3P-REV-4S: constructing
WL-CORE-CAFE-ENTRY-4P-TOP-3S: complete
WL-CORE-CAFE-SWAP-4P-REV-3S: constructing
WL-CORE-CAFE-STATIC-4P-REV-4S: complete
WL-CORE-CAFE-SWAP-4P-TOP-3S: constructing
WL-CORE-CAFE-SWAP-3P-REV-4S: complete
WL-CORE-DINING-ENTRY-3P-TOP-3S: constructing
WL-CORE-CAFE-STATIC-4P-TOP-4S: complete
WL-CORE-DINING-ENTRY-4P-REV-4S: constructing
WL-CORE-CAFE-SWAP-4P-TOP-3S: complete
WL-CORE-DINING-ENTRY-4P-TOP-4S: constructing
WL-CORE-DINING-ENTRY-3P-TOP-3S: complete
WL-CORE-DINING-EXIT-3P-REV-4S: constructing
WL-CORE-DINING-ENTRY-4P-REV-4S: complete
WL-CORE-DINING-EXIT-3P-TOP-4S: constructing
WL-CORE-CAFE-SWAP-4P-REV-3S: complete
WL-CORE-DINING-EXIT-4P-TOP-3S: constructing
WL-CORE-DINING-ENTRY-4P-TOP-4S: failed: VAPI 400: {"error":{"message":"Invalid JSON payload received. Unknown name \"additionalProperties\" at 'generation_config.response_schema.properties[0].***.***.properties[1].***.items.any_of[0]': Cannot find field.\nInvalid JSON payload received. Unknown name \"additionalProperties\" at 'generation_config.response_schema.properties[0].***.***.properties[1].***.items.any_of[1]': Cannot find field. (request id: 2026091018223472558003614263948)","type":"upstream_error","param":"","code":400}}
WL-CORE-DINING-STATIC-3P-TOP-4S: constructing
WL-CORE-DINING-EXIT-3P-REV-4S: failed: VAPI 400: {"error":{"message":"Invalid JSON payload received. Unknown name \"additionalProperties\" at 'generation_config.response_schema.properties[0].***.***.properties[1].***.items.any_of[0]': Cannot find field.\nInvalid JSON payload received. Unknown name \"additionalProperties\" at 'generation_config.response_schema.properties[0].***.***.properties[1].***.items.any_of[1]': Cannot find field. (request id: 2026091018223380140407648787967)","type":"upstream_error","param":"","code":400}}
WL-CORE-DINING-STATIC-4P-REV-3S: constructing
WL-CORE-DINING-STATIC-3P-TOP-4S: complete
WL-CORE-DINING-STATIC-4P-TOP-3S: constructing
WL-CORE-DINING-STATIC-4P-REV-3S: complete
WL-CORE-DINING-SWAP-3P-REV-3S: constructing
WL-CORE-DINING-EXIT-4P-TOP-3S: failed: Remote end closed connection without response
WL-CORE-DINING-SWAP-3P-TOP-3S: constructing
WL-CORE-DINING-EXIT-3P-TOP-4S: complete
WL-CORE-DINING-SWAP-4P-REV-4S: constructing
WL-CORE-DINING-SWAP-3P-REV-3S: complete
WL-CORE-DINING-SWAP-4P-TOP-4S: constructing
WL-CORE-DINING-SWAP-4P-REV-4S: complete
WL-CORE-GAME-ENTRY-3P-REV-4S: constructing
WL-CORE-DINING-SWAP-3P-TOP-3S: complete
WL-CORE-GAME-ENTRY-3P-TOP-4S: constructing
WL-CORE-DINING-STATIC-4P-TOP-3S: complete
WL-CORE-GAME-ENTRY-4P-REV-3S: constructing
WL-CORE-DINING-SWAP-4P-TOP-4S: complete
WL-CORE-GAME-EXIT-3P-REV-3S: constructing
WL-CORE-GAME-ENTRY-3P-TOP-4S: complete
WL-CORE-GAME-EXIT-3P-TOP-3S: constructing
WL-CORE-GAME-ENTRY-3P-REV-4S: complete
WL-CORE-GAME-EXIT-4P-REV-4S: constructing
WL-CORE-GAME-ENTRY-4P-REV-3S: complete
WL-CORE-GAME-EXIT-4P-TOP-4S: constructing
WL-CORE-GAME-EXIT-3P-REV-3S: complete
WL-CORE-GAME-STATIC-3P-REV-3S: constructing
WL-CORE-GAME-EXIT-4P-REV-4S: complete
WL-CORE-GAME-STATIC-3P-TOP-3S: constructing
WL-CORE-GAME-EXIT-3P-TOP-3S: complete
WL-CORE-GAME-STATIC-4P-REV-4S: constructing
WL-CORE-GAME-EXIT-4P-TOP-4S: complete
WL-CORE-GAME-STATIC-4P-TOP-4S: constructing
WL-CORE-GAME-STATIC-3P-REV-3S: complete
WL-CORE-GAME-SWAP-3P-REV-4S: constructing
WL-CORE-GAME-STATIC-3P-TOP-3S: complete
WL-CORE-GAME-SWAP-3P-TOP-4S: constructing
WL-CORE-GAME-STATIC-4P-REV-4S: complete
WL-CORE-GAME-SWAP-4P-REV-3S: constructing
WL-CORE-GAME-STATIC-4P-TOP-4S: complete
WL-CORE-KITCHEN-ENTRY-3P-REV-3S: constructing
WL-CORE-GAME-SWAP-3P-TOP-4S: complete
WL-CORE-KITCHEN-ENTRY-3P-TOP-3S: constructing
WL-CORE-GAME-SWAP-3P-REV-4S: complete
WL-CORE-KITCHEN-ENTRY-4P-TOP-4S: constructing
WL-CORE-GAME-SWAP-4P-REV-3S: complete
WL-CORE-KITCHEN-EXIT-3P-REV-4S: constructing
WL-CORE-KITCHEN-ENTRY-3P-REV-3S: complete
WL-CORE-KITCHEN-EXIT-3P-TOP-4S: constructing
WL-CORE-KITCHEN-ENTRY-3P-TOP-3S: complete
WL-CORE-KITCHEN-EXIT-4P-REV-3S: constructing
WL-CORE-KITCHEN-ENTRY-4P-TOP-4S: complete
WL-CORE-KITCHEN-EXIT-4P-TOP-3S: constructing
WL-CORE-KITCHEN-EXIT-3P-REV-4S: complete
WL-CORE-KITCHEN-STATIC-3P-REV-4S: constructing
WL-CORE-KITCHEN-EXIT-3P-TOP-4S: complete
WL-CORE-KITCHEN-STATIC-3P-TOP-4S: constructing
WL-CORE-KITCHEN-EXIT-4P-REV-3S: complete
WL-CORE-KITCHEN-STATIC-4P-TOP-3S: constructing
WL-CORE-KITCHEN-EXIT-4P-TOP-3S: complete
WL-CORE-KITCHEN-SWAP-3P-TOP-3S: constructing
WL-CORE-KITCHEN-STATIC-3P-REV-4S: complete
WL-CORE-KITCHEN-SWAP-4P-REV-4S: constructing
WL-CORE-KITCHEN-STATIC-4P-TOP-3S: complete
WL-CORE-KITCHEN-SWAP-4P-TOP-4S: constructing
WL-CORE-KITCHEN-STATIC-3P-TOP-4S: complete
WL-CORE-LIVING-ENTRY-3P-REV-3S: constructing
WL-CORE-KITCHEN-SWAP-3P-TOP-3S: complete
WL-CORE-LIVING-ENTRY-3P-TOP-3S: constructing
WL-CORE-KITCHEN-SWAP-4P-REV-4S: complete
WL-CORE-LIVING-ENTRY-4P-REV-4S: constructing
WL-CORE-KITCHEN-SWAP-4P-TOP-4S: complete
WL-CORE-LIVING-ENTRY-4P-TOP-4S: constructing
WL-CORE-LIVING-ENTRY-3P-REV-3S: complete
WL-CORE-LIVING-EXIT-3P-TOP-4S: constructing
WL-CORE-LIVING-ENTRY-3P-TOP-3S: complete
WL-CORE-LIVING-EXIT-4P-REV-3S: constructing
WL-CORE-LIVING-EXIT-3P-TOP-4S: failed: VAPI 400: {"error":{"message":"Invalid JSON payload received. Unknown name \"additionalProperties\" at 'generation_config.response_schema.properties[0].***.***.properties[1].***.items.any_of[0]': Cannot find field.\nInvalid JSON payload received. Unknown name \"additionalProperties\" at 'generation_config.response_schema.properties[0].***.***.properties[1].***.items.any_of[1]': Cannot find field. (request id: 2026091018300216964545887300133)","type":"upstream_error","param":"","code":400}}
WL-CORE-LIVING-EXIT-4P-TOP-3S: constructing
WL-CORE-LIVING-ENTRY-4P-REV-4S: complete
WL-CORE-LIVING-STATIC-3P-REV-4S: constructing
WL-CORE-LIVING-ENTRY-4P-TOP-4S: complete
WL-CORE-LIVING-STATIC-3P-TOP-4S: constructing
WL-CORE-LIVING-EXIT-4P-TOP-3S: complete
WL-CORE-LIVING-STATIC-4P-REV-3S: constructing
WL-CORE-LIVING-STATIC-3P-REV-4S: complete
WL-CORE-LIVING-STATIC-4P-TOP-3S: constructing
WL-CORE-LIVING-STATIC-3P-TOP-4S: complete
WL-CORE-LIVING-SWAP-3P-REV-3S: constructing
WL-CORE-LIVING-STATIC-4P-REV-3S: complete
WL-CORE-LIVING-SWAP-3P-TOP-3S: constructing
WL-CORE-LIVING-STATIC-4P-TOP-3S: complete
WL-CORE-LIVING-SWAP-4P-TOP-4S: constructing
WL-CORE-LIVING-EXIT-4P-REV-3S: complete
WL-CORE-MEETING-ENTRY-3P-REV-4S: constructing
WL-CORE-LIVING-SWAP-4P-TOP-4S: complete
WL-CORE-MEETING-ENTRY-3P-TOP-4S: constructing
WL-CORE-LIVING-SWAP-3P-REV-3S: complete
WL-CORE-MEETING-ENTRY-4P-REV-3S: constructing
WL-CORE-MEETING-ENTRY-3P-TOP-4S: complete
WL-CORE-MEETING-ENTRY-4P-TOP-3S: constructing
WL-CORE-LIVING-SWAP-3P-TOP-3S: failed: VAPI 400: {"error":{"message":"Invalid JSON payload received. Unknown name \"additionalProperties\" at 'generation_config.response_schema.properties[0].***.***.properties[1].***.items.any_of[0]': Cannot find field.\nInvalid JSON payload received. Unknown name \"additionalProperties\" at 'generation_config.response_schema.properties[0].***.***.properties[1].***.items.any_of[1]': Cannot find field. (request id: 2026091018320474415192587716716)","type":"upstream_error","param":"","code":400}}
WL-CORE-MEETING-EXIT-3P-REV-3S: constructing
WL-CORE-MEETING-ENTRY-3P-REV-4S: complete
WL-CORE-MEETING-EXIT-4P-REV-4S: constructing
WL-CORE-MEETING-ENTRY-4P-REV-3S: complete
WL-CORE-MEETING-EXIT-4P-TOP-4S: constructing
WL-CORE-MEETING-EXIT-4P-REV-4S: complete
WL-CORE-MEETING-STATIC-3P-REV-3S: constructing
WL-CORE-MEETING-ENTRY-4P-TOP-3S: complete
WL-CORE-MEETING-STATIC-4P-REV-4S: constructing
WL-CORE-MEETING-EXIT-4P-TOP-4S: complete
WL-CORE-MEETING-STATIC-4P-TOP-4S: constructing
WL-CORE-MEETING-EXIT-3P-REV-3S: complete
WL-CORE-MEETING-SWAP-3P-REV-4S: constructing
WL-CORE-MEETING-STATIC-4P-REV-4S: complete
WL-CORE-MEETING-SWAP-3P-TOP-4S: constructing
WL-CORE-MEETING-STATIC-3P-REV-3S: complete
WL-CORE-MEETING-SWAP-4P-REV-3S: constructing
WL-CORE-MEETING-SWAP-3P-REV-4S: complete
WL-CORE-MEETING-SWAP-4P-TOP-3S: constructing
WL-CORE-MEETING-SWAP-3P-TOP-4S: complete
WL-CORE-SEMINAR-ENTRY-3P-REV-4S: constructing
WL-CORE-MEETING-SWAP-4P-REV-3S: complete
WL-CORE-SEMINAR-ENTRY-3P-TOP-4S: constructing
WL-CORE-MEETING-STATIC-4P-TOP-4S: complete
WL-CORE-SEMINAR-ENTRY-4P-REV-3S: constructing
WL-CORE-MEETING-SWAP-4P-TOP-3S: complete
WL-CORE-SEMINAR-ENTRY-4P-TOP-3S: constructing
WL-CORE-SEMINAR-ENTRY-4P-TOP-3S: failed: VAPI 400: {"error":{"message":"Invalid JSON payload received. Unknown name \"additionalProperties\" at 'generation_config.response_schema.properties[0].***.***.properties[1].***.items.any_of[0]': Cannot find field.\nInvalid JSON payload received. Unknown name \"additionalProperties\" at 'generation_config.response_schema.properties[0].***.***.properties[1].***.items.any_of[1]': Cannot find field. (request id: 202609101834237326357545850072)","type":"upstream_error","param":"","code":400}}
WL-CORE-SEMINAR-EXIT-3P-REV-3S: constructing
WL-CORE-SEMINAR-ENTRY-3P-REV-4S: complete
WL-CORE-SEMINAR-EXIT-3P-TOP-3S: constructing
WL-CORE-SEMINAR-ENTRY-4P-REV-3S: failed: VAPI 400: {"error":{"message":"Invalid JSON payload received. Unknown name \"additionalProperties\" at 'generation_config.response_schema.properties[0].***.***.properties[1].***.items.any_of[0]': Cannot find field.\nInvalid JSON payload received. Unknown name \"additionalProperties\" at 'generation_config.response_schema.properties[0].***.***.properties[1].***.items.any_of[1]': Cannot find field. (request id: 2026091018342543645337424199936)","type":"upstream_error","param":"","code":400}}
WL-CORE-SEMINAR-EXIT-4P-REV-4S: constructing
WL-CORE-SEMINAR-EXIT-3P-REV-3S: complete
WL-CORE-SEMINAR-STATIC-3P-REV-3S: constructing
WL-CORE-SEMINAR-EXIT-3P-TOP-3S: complete
WL-CORE-SEMINAR-STATIC-3P-TOP-3S: constructing
WL-CORE-SEMINAR-ENTRY-3P-TOP-4S: complete
WL-CORE-SEMINAR-STATIC-4P-REV-4S: constructing
WL-CORE-SEMINAR-EXIT-4P-REV-4S: complete
WL-CORE-SEMINAR-SWAP-3P-REV-4S: constructing
WL-CORE-SEMINAR-STATIC-3P-REV-3S: complete
WL-CORE-SEMINAR-SWAP-3P-TOP-4S: constructing
WL-CORE-SEMINAR-STATIC-3P-TOP-3S: complete
WL-CORE-SEMINAR-SWAP-4P-REV-3S: constructing
WL-CORE-SEMINAR-SWAP-3P-REV-4S: complete
WL-CORE-SEMINAR-SWAP-4P-TOP-3S: constructing
WL-CORE-SEMINAR-STATIC-4P-REV-4S: complete
WL-CORE-SEMINAR-SWAP-4P-REV-3S: complete
WL-CORE-SEMINAR-SWAP-4P-TOP-3S: complete
WL-CORE-SEMINAR-SWAP-3P-TOP-4S: complete
Failed cases retained for explicit diagnosis: WL-CORE-CAFE-EXIT-3P-TOP-3S, WL-CORE-DINING-ENTRY-4P-TOP-4S, WL-CORE-DINING-EXIT-3P-REV-4S, WL-CORE-DINING-EXIT-4P-TOP-3S, WL-CORE-LIVING-EXIT-3P-TOP-4S, WL-CORE-LIVING-SWAP-3P-TOP-3S, WL-CORE-SEMINAR-ENTRY-4P-TOP-3S, WL-CORE-SEMINAR-ENTRY-4P-REV-3S
